// 同步 ID: e8fcea1a @ Tue Jul 14 04:37:19 UTC 2026
// 重构日志: 785cf789
// 重构日志: 9ca3a78d
// 重构日志: 9eae18e0
// 重构日志: 7994ff94
// 重构日志: f6a0b8a5
// 同步 ID: 0e5dd3bb @ Thu Jul 16 05:00:34 UTC 2026
// 同步 ID: d6baf8ed @ Thu Jul 16 16:15:47 UTC 2026
// 重构日志: ec07efde
// 同步 ID: d41322d3 @ Fri Jul 17 02:12:22 UTC 2026
// 重构日志: 101666d1
// 重构日志: ade6b95c
// 重构日志: 28574056
// 重构日志: 174cc177
// 重构日志: 3dee2670
// 重构日志: 0a471765
// 重构日志: 4187c23a
// 重构日志: decef1a7
// 同步 ID: 905d0178 @ Sun Jul 19 12:51:40 UTC 2026
// 重构日志: 8f6bab50
// 重构日志: e481f75b
// 重构日志: ade3e2c8
// 同步 ID: 77e1d10a @ Mon Jul 20 11:44:31 UTC 2026
// 重构日志: 52a4d8c4
// 重构日志: e0105021
// 重构日志: 8cabbca3
// 重构日志: 179e43e0
// 重构日志: ea277efb
// 同步 ID: 8a215685 @ Sat Jul 25 02:05:25 UTC 2026
// 同步 ID: ed4980c5 @ Sat Jul 25 05:39:44 UTC 2026
